[  000000 Initializing cgroupsubsyscpet
[    0.0000] Intializing cgroup subsys cpu
[    0.000000] Initializing cgupsubs puacct
[    0.000000] Linux version 4.4.0-119-generic (buildd@lcy01-amd64-013) (gcc version 5.4.0 20160609 (Ubuntu 5.4.0-6ubuntu1~16.04.9) ) #143-Ubuntu SMP Mon Apr 2 16:08:24 UTC 2018 (Ubuntu 4.4.0-119.143-generic 4.4.114)
[    0.000000] Command line: BOOT_IMAGE=/boot/vmliz-.4.0-11geeric root=UUID=ba26e-f7-403-a058deeb05f64a ro console=tty1 onolttyS0[   0.000 KERL upportd pu:
[    .0000]   Ite GnuinInl
[   00000]   AMD AuthenticAMD
[    0.000]   enur CentarHau
    .0000]x8fp: xste_ffse2]  76xsate_sizes[2]:  256
[    0.000000] x8/f: Supprtg XSE atur 0x01: 'x87 floating point egsters
[  0.0000 x86/fu:SuportngSAVE fatre 0x02:'SE registers'
[    0.000000] x86/fpu: Supporting XSAVE feature 0x04: 'AV registers'
[    0.000000] x86/fpu: Enabled xstate features 0x7, cotet se s 832 bytes, using 'standard' format.
[    0.000000] x86/fpu: Using 'lazy' FPU context switches.
[    0.000000] e820: IO-povided physical RAM map:
[    0.000000] BIOS-e820: [mem 0x0000000000000000-0x000000000009fbff] usable
[    0.000000] BIOe8: [mem 0x000000000009fc00-0x000000000009ffff] rreserved
[    0.000000] BIOS-e820: [mem 0x00000000000f0000-0x00000000000fffff] reserve
    0.000000]BIOe80: [mem 0x0000000100000-0x000000003ffeffff] usable
[    0.000000] BIOS-e820: [mem 0x000000003fff0000-0x000000003fffffff] ACPI data
[    0.000000] BIOS-e820: [mem 0x00000000fec00000-0x000000ec00fff] reserved
[    0.000000] BIOS-e820: [mem 0x00000000fee00000-0x00000000fee00fff] reserved
[    0.000000] BIOS-e820: [mem 000000ff000-0x00000000ffffffff] reserved
[    0.000000] NX (ExecutDiable) protection: active
[    0.000000] SMBIOS 2.5 present.
[    0.000000] Hypervisor detected: KVM
[    0.000000] e0:last_pf= x3ff0 ax_arch_pfn = 0x400000000
[    0.0000] MTR:isable
[    0.0000] 86PAT:MTs disled, skipping PAT initalization too.
[    0.000000 CU MTRRs all blank - virtualized system.
[    0.000000 x6/PATCofigaton [0-7]: WB  WT  UC- UC  WB  WT  U UC  
[    0.000000] found SMP MP-table at [mem 0x0009fff0-0x0009ffff] mapped at [ffff88000009fff0]
[    0.0000] aning 1 areas for low mmo corruption
  0.00000]AMDIK:mem 0x36202000-0x370f8fff]
[    0.000000] ACPI: Early table checksum verification disabled
[    0.000000] ACPI: RSDP 0x00000000000E0000 000024 (v02 VBOX  )
[    0.000000] ACPI: XSDT 0x000000003FFF0030 00C (v01 VBOX   VBOXXSDT 00000001 ASL 000061)
[   .000000] ACPI: FACP 0x000000003FFF00F0 0000F4 (v04 VBOX   VBOXFACP 00000001 ASL  00000061)
[    0.000000] ACPI: DSDT 0x000000003FFF047 0021FF(v2 VBOX  VBOXIOS 00000 INTL 200028
[   .000000] API: AC0x000003FFF0200 000040
[    0.000000] ACPI: FACS 0x00000003FFF0200 000040
[    0.000000] ACPI: APIC 0x000000003FFF0240 00005C (v02 VBOX   VBOXAPIC 00000001 ASL  00000061)
[    0.000000] ACPI: SSDT 0x000000003FFF02A0 0001CC (v01 VBOX   VBOXCPUT 00000002 INTL 20100528)
[    0.000000] No NUMA configuration found
[    0.000000] Faking a node at [mem 0x0000000000000000-0x000000003ffeffff]
[    0.000000] NODE_DATA(0) allocated [mem 0x3ffeb000-0x3ffeffff]
[    0.000000] kvm-clock: Using msrs 4b564d01 and 4b564d00
[    0.000000] kvm-clock: cpu 0, msr 0:3ffe3001, primary cpu clock
[    0.000000] kvm-clock: using sched offset of 3713405248 cycles
[    0.000000] clocksource: kvm-clock: mas: 0xffffffffffffffffax_cycles: 0x1cd42e4dffb, max_idle_ns: 881590591483 ns
[    0.000000] Zone ranges
[    0.000000]   DMA      [mem x000000000001000-0x0000000000ffffff]
[    0.000000]   DMA32   me 00000000001000000-0x000000003ffeffff]
[    0.000000]  orml emty
[  .000000] Dece   empty
[  0000000] Movable zone start for each node
[    0.000000] Early memory node rng
[    0.000000]  node   0: [mem 0x0000000000001000-0x000000000009efff]
[    0.000000]   node   0: [mem 0x0000000000100000-0x000000003ffeffff]
[    0.000000] Iitm setup nde [mem 0x0000000000001000-0x000000003ffeffff]
  0.0000 ACP: M-imer IO Port:x408
[    0.000000] IOAPIC[0]: apic_id 2, version 32, addrs xfec00000, GSI 0-23
[   .00000] PI INTSR_OR (b 0 bu_irq 0glba_irq 2 d dfl)[   00000] APIINT_SRCOV(bus 0buirq  global_irq 9 low level)
[    0.000000] Usi ACPI MADT) fo SMP configuration information
[    0.000000] smpboot: Allowing 2 CPUs, 0 hotplug CPUs
[    0.000000] PM: Registered nosae meor [me 0000000x00000ff
[    0.000000] P: egstered nosave mmo: [mem0x00f00-0x0009ff
    .0000] P: egsterd saveemry: me 0x000000-0x0efff]
[  0.000000]PM Rgistered nosave memory: [mem 0x000f0000-x00ffff]
[  0.0000 e82: me 0x4000-0xfebffffff] aville for PCI devices
[    0.000000] oong paravirtualized kerel on KVM
[   0.0000] ccksour: efind-ffies:ma: 0xfffff ma_cle: 0xfffff,maidle_n: 64551960021156 n
    0.000] stupercpu: NR_CS:12 n_cmak_bbits12nr_cpuids:2 nr_node_ids:1
[    0.000000] RCPU Eedde 34 paescpu ffff88003fc00000 s99544 r8192 d31528 u1048576
[    0.000000] PV qspinlok ash ab entris:25 (orer 0 409 bes)[  0.00000Built 1 zonelists in Node ode, obiltyroupngn.  otl ages: 25791
    .0000] Poicy on: DMA2    .000] Kernel command line: BOOT_IMAGE=/boot/vmlinuz-4.4.0-119-geenec oot=UUD=bca2de6ef74-423-05-e8deb5f4a ro csoe=tt1 nsolettS0
[  00000] D hashtae enri: 406 rdr: 3, 76 byts)
[    0.000000Memory99200K1048120K available (8532K kernel code, 1313K rwdata, 3996K rodata, 1508K init, 1316K bss, 50920K reserved, 0K cma-reserved)
[    0.0000] SLUB:Walign=64, Order=0-3, MinObjects=0, CPUs=2, Nodes=1
[    0.00000] Kernel/User ag tables isolation: enabled
[    0.000000] Hierarchical RCU implementation.
[    0.000000] 	Build-time adjustment of leaf fanout to 64.
[    0.000000] 	RCU restricting CPUs from NR_CPUS=512 to nr_cpu_ids=2.
[    0.000000] RCU: Adjusting geometry for rcu_fanout_leaf=64, nr_cpu_ids=2
[    0.000000] NR_IRQS:33024 nr_irqs:440 16
[    0.000000] Console: colour VGA+ 80x25
[    0.000000] console [tty1] enabled
[    0.000000] console [ttyS0] enabled
[   0000000] tsc: Detected 1992.000 MHz processor
[   10.313012] Calibrating delay loop (skipped) preset value.. 3984.00 BogoMIPS (lpj=7968000)
[   10.429318] pid_max: default: 32768 minimum: 301
[   10.430612] ACPI: Core revision 20150930
[   10.499285] ACPI: 2 ACPI AML tables successfully acquired and loaded
[   10.545100] Security Framework initialized
[   10.546285] Yama: becoming mindful.
[   10.547280] AppArmor: AppArmor initialized
[   10.549503] Dentry cache hash table entries: 131072 (order: 8, 1048576 bytes)
[   10..64572] Inode-cache hash table entries: 65536 (order: 7, 524288 bytes)
[   10.677286] Mount-cache hash table entries: 2048 (order: 2, 16384 bytes)
[   10.797774] Mountpoint-cache hash table entries: 2048 (order: 2, 16384 bytes)
[   10.886681] Initializing cgroup subsys io
[   10.929292] Initializing cgroup subsys memory
[   10.930443] Initializing cgroup subsys devices
[   10.989278] Initializing cgroup subsys freezer
[   11.048659] Initializing cgroup subsys net_cls
[   11.105143] Initializing cgroup subsys perf_event
[   11.129333] Initializing cgroup subsys net_prio
[   11.130557] Initializing cgroup subsys hugetlb
[   11.216920] Initializing cgroup subsys pids
[   11.272293] CPU: Physical Processor ID: 0
[   11.328514] CPU: Processor Core ID: 0
[   11.353011] FEATURE SPEC_CTRL Not Present
[   11.440040] mce: CPU supports 0 MCE banks
[   11.529084] Last level iTLB entries: 4KB 64, 2MB 8, 4MB 8
[   11.593039] Last level dTLB entries: 4KB 64, 2MB 0, 4MB 0, 1GB 4
[   11.683864] Spectre V2 mitigation: Mitigation: Full generic retpoline
[   11.733614] Spectre V2 mitigation: Speculation control IBPB not-supported IBRS not-supported
[   11.754001] Spectre V2 mitigation: Filling RSB on context switch
[   11.758001] Freeing SMP alternatives memory: 32K
[   11.825262] ftrace: allocating 32195 entries in 126 pages
[   11.989151] smpboot: APIC(0) Converting physical 0 to logical package 0
[   12.049084] smpboot: Max logical packages: 1
[   12.133628] x2apic enabled
[   12.186893] Switched APIC routing to physical x2apic.
[   12.209872] ..TIMER: vector=0x30 apic1=0 pin1=2 apic2=-1 pin2=-1
[   12.384340] smpboot: CPU0: Intel(R) Core(TM) i5-6360U CPU @ 2.00GHz (family: 0x6, model: 0x4e, stepping: 0x3)
[   12.485203] Performance Events: unsupported p6 CPU model 78 no PMU driver, software events only.
[   12.534005] KVM setup paravirtual spinlock
[   12.593876] x86: Booting SMP configuration:
[   12.645227] .... node  #0, CPUs:      #1
[   12.674554] kvm-clock: cpu 1, msr 0:3ffe3041, secondary cpu clock
[   12.678053] mce: CPU supports 0 MCE banks
[   12.682593] x86: Booted up 1 node, 2 CPUs
[   12.706068] smpboot: Total of 2 processors activated (7968.00 BogoMIPS)
[   12.729927] devtmpfs: initialized
[   12.751120] evm: security.selinux
[   12.797016] evm: security.SMACK64
[   12.843018] evm: security.SMACK64EXEC
[   12.889087] evm: security.SMACK64TRANSMUTE
[   12.911909] evm: security.SMACK64MMAP
[   12.925080] evm: security.ima
[   12.929390] evm: security.capability
[   12.930653] clocksource: jiffies: mask: 0xffffffff max_cycles: 0xffffffff, max_idle_ns: 7645041785100000 ns
[   13.047751] futex hash table entries: 512 (order: 3, 32768 bytes)
[   13.098185] pinctrl core: initialized pinctrl subsystem
[   13.128825] RTC time:  3:45:23, date: 04/10/18
[   13.130162] NET: Registered protocol family 16
[   13.165310] cpuidle: using governor ladder
[   13.225010] cpuidle: using governor menu
[   13.275355] PCCT header not found.
[   13.304280] ACPI: bus type PCI registered
[   13.330854] acpiphp: ACPI Hot Plug PCI Controller Driver version: 0.5
[   13.388029] PCI: Using configuration type 1 for base access
[   13.453577] ACPI: Added _OSI(Module Device)
[   13.508595] ACPI: Added _OSI(Processor Device)
[   13.542993] ACPI: Added _OSI(3.0 _SCP Extensions)
[   13.559953] ACPI: Added _OSI(Processor Aggregator Device)
[   13.578187] ACPI: Executed 1 blocks of module-level executable AML code
[   13.602984] ACPI: Interpreter enabled
[   13.604082] ACPI: (supports S0 S5)
[   13.605145] ACPI: Using IOAPIC for interrupt routing
[   13.606661] PCI: Using host bridge windows from ACPI; if necessary, use "pci=nocrs" and report a bug
[   13.689820] ACPI: PCI Root Bridge [PCI0] (domain 0000 [bus 00-ff])
[   13.712190] acpi PNP0A03:00: _OSC: OS supports [ASPM ClockPM Segments MSI]
[   13.772885] acpi PNP0A03:00: _OSC: not requesting OS control; OS requires [ExtendedConfig ASPM ClockPM MSI]
[   13.878653] acpi PNP0A03:00: fail to add MMCONFIG information, can't access extended PCI configuration space under this bridge.
[   13.980017] PCI host bridge to bus 0000:00
[   14.019686] pci_bus 0000:00: root bus resource [io  0x0000-0x0cf7 window]
[   14.096734] pci_bus 0000:00: root bus resource [io  0x0d00-0xffff window]
[   14.172805] pci_bus 0000:00: root bus resource [mem 0x000a0000-0x000bffff window]
[   14.231941] pci_bus 0000:00: root bus resource [mem 0x40000000-0xfdffffff window]
[   14.304966] pci_bus 0000:00: root bus resource [bus 00-ff]
[   14.373827] pci 0000:00:01.1: legacy IDE quirk: reg 0x10: [io  0x01f0-0x01f7]
[   14.441017] pci 0000:00:01.1: legacy IDE quirk: reg 0x14: [io  0x03f6]
[   14.533605] pci 0000:00:01.1: legacy IDE quirk: reg 0x18: [io  0x0170-0x0177]
[   14.643106] pci 0000:00:01.1: legacy IDE quirk: reg 0x1c: [io  0x0376]
[   14.687698] pci 0000:00:07.0: quirk: [io  0x4000-0x403f] claimed by PIIX4 ACPI
[   14.694159] pci 0000:00:07.0: quirk: [io  0x4100-0x410f] claimed by PIIX4 SMB
[   14.717641] ACPI: PCI Interrupt Link [LNKA] (IRQs 5 9 10 *11)
[   14.732940] ACPI: PCI Interrupt Link [LNKB] (IRQs 5 9 *10 11)
[   14.763717] ACPI: PCI Interrupt Link [LNKC] (IRQs 5 *9 10 11)
[   14.778491] ACPI: PCI Interrupt Link [LNKD] (IRQs 5 9 10 *11)
[   14.780861] ACPI: Enabled 2 GPEs in block 00 to 07
[   14.782795] vgaarb: setting as boot device: PCI:0000:00:02.0
[   14.797741] vgaarb: device added: PCI:0000:00:02.0,decodes=io+mem,owns=io+mem,locks=none
[   14.830494] vgaarb: loaded
[   14.843723] vgaarb: bridge control possible 0000:00:02.0
[   14.864412] SCSI subsystem initialized
[   14.895936] ACPI: bus type USB registered
[   14.897038] usbcore: registered new interface driver usbfs
[   14.898503] usbcore: registered new interface driver hub
[   14.911614] usbcore: registered new device driver usb
[   14.916221] PCI: Using ACPI for IRQ routing
[   14.929417] NetLabel: Initializing
[   14.930466] NetLabel:  domain hash size = 128
[   14.937237] NetLabel:  protocols = UNLABELED CIPSOv4
[   14.938602] NetLabel:  unlabeled traffic allowed by default
[   14.939946] amd_nb: Cannot enumerate AMD northbridges
[   14.959998] clocksource: Switched to clocksource kvm-clock
[   14.957] AppArmor: AppArmor Filesystem Enabled
[   15.063879] pnp: PnP ACPI init
  5.0655]np PnP ACPI: found 3 devices

[ 1531857]losoceaci_: sk 0xffffff max_cycles: 0xffffff, max_idlens: 0857002ns
  5.50] T:egtered protocol family 2
[   16.278017] TCP established hash table entries: 8192 (order: 4, 65536 bytes)
[   16.281091] TCP bind hash table entries: 8192 (order: 5, 131072 bytes)
[   16.282894] TCP: Hash tables configured (established 8192 bind 8192)
[   16.284290] UDP hash table entries: 512 (order: 2, 16384 bytes)
[   16.285572] UDP-Lite hash table entries: 512 (order: 2, 16384 bytes)
[   16.286915] NET: Registered protocol family 1
[   16.287911] pci 00:0:0.: miting direct PCI/PCI transfers
[   16.462940pci 00:001: Activating ISA DMAan wkaun
[  1.930] paki iitams...
[   17.540763] Freeing initrd memory: 15324K
[   17.595718] platform rtc_cmos: registered platform RTC device (no PNP device found)
[   17.654413] Scanning for low memory corruption every 60 seconds
[   17.662198] audit: initializing netlink subsys (disabled)
[   17.685790] audit: type=2000 audit(1523331919.479:1): initialized
[   17.693458] Initialise system trusted keyring
[   17.694878] HugeTLB registered 2 MB page size, pre-allocated 0 pages
[   17.698050] zbud: loaded
[   17.717058] VFS: Disk quotas dquot_6.6.0
[ 17.739] S:qu-cch hshtae entries: 512 (order 0, 4096 bytes)
[ 18197980] squashfs: version 4.0 (2009/01/3 Phillip Lougher

[   1.303] us init (API version 7.23)

[   18.490373] Key type big_key registered
[   18.496551] Allocating IMA MOK and blacklist keyrings.
[   18.512998] Key type asymmetric registered
[   18.520241] Asymmetric key parser 'x509' registered
[   18.521594] Block layer SCSI generic (bsg) driver version 0.4 loaded (major 249)
[   18.555740] io scheduler noop registered
[   18.573185] io scheduler deadline registered (default)
[   18.592499] tsc: Refined TSC clocksource calibration: 1994.052 MHz
[   18.592501] clocksource: tsc: mask: 0xffffffffffffffff max_cycles: 0x397c7720335, max_idle_ns: 881590680020 ns
[   18.701606] io scheduler cfq registered
[   18.702867] pci_hotplug: PCI Hot Plug PCI Core version: 0.5
[   18.706795] pciehp: PCI Express Hot Plug Controller Driver version: 0.4
[   18.709983] ACPI: AC Adapter [AC] (on-line)
[   18.711157] input: Power Button as /devices/LNXSYSTM:00/LNXPWRBN:00/input/input0
[   18.715522] ACPI: Power Button [PWRF]
[   18.780733] input: Sleep Button as /devices/LNXSYSTM:00/LNXSLPBN:00/input/input1
[   18.857136] ACPI: Sleep Button [SLPF]
[   18.925714] ACPI: Battery Slot [BAT0] (battery present)
[   18.927065] GHES: HEST is not enabled!
[   18.978744] Serial: 8250/16550 driver, 32 ports, IRQ sharing enabled
[   19.102955] 00:02: ttyS0 at I/O 0x3f8 (irq = 4, base_baud = 115200) is a 16550A
[   19.131309] Linux agpgart interface v0.103
[   19.147699] loop: module loaded
[   19.156995] scsi host0: ata_piix
[   19.175139] scsi host1: ata_piix
[   19.178401] ata1: PATA max UDMA/33 cmd 0x1f0 ctl 0x3f6 bmdma 0xd000 irq 14
[   19.186111] ata2: PATA max UDMA/33 cmd 0x170 ctl 0x376 bmdma 0xd008 irq 15
[   19.191984] libphy: Fixed MDIO Bus: probed
[   19.198405] tun: Universal TUN/TAP device driver, 1.6
[   19.201722] tun: (C) 1999-2004 Max Krasnyansky <maxk@qualcomm.com>
[   19.208105] PPP generic driver version 2.4.2
[   19.214827] ehci_hcd: USB 2.0 'Enhanced' Host Controller (EHCI) Driver
[   19.223991] ehci-pci: EHCI PCI platform driver
[   19.236165] ehci-platform: EHCI generic platform driver
[   19.248701] ohci_hcd: USB 1.1 'Open' Host Controller (OHCI) Driver
[   19.255017] ohci-pci: OHCI PCI platform driver
[   19.265583] ohci-platform: OHCI generic platform driver
[   19.273652] uhci_hcd: USB Universal Host Controller Interface driver
[   19.294922] i8042: PNP: PS/2 Controller [PNP0303:PS2K,PNP0f03:PS2M] at 0x60,0x64 irq 1,12
[   19.300558] serio: i8042 KBD port at 0x60,0x64 irq 1
[   19.325086] serio: i8042 AUX port at 0x60,0x64 irq 12
[   19.358024] mousedev: PS/2 mouse device common for all mice
[   19.360761] input: AT Translated Set 2 keyboard as /devices/platform/i8042/serio0/input/input2
[   19.419707] rtc_cmos rtc_cmos: rtc core: registered rtc_cmos as rtc0
[   19.429252] rtc_cmos rtc_cmos: alarms up to one day, 114 bytes nvram
[   19.437741] i2c /dev entries driver
[   19.457862] device-mapper: uevent: version 1.0.3
[   19757] device-mapper: ioctl: 4.34.0-ioctl (2015-10-28) initialised: dm-devel@redhat.com
[   19.674798] ledtrig-cpu: registered to indicate activity on CPUs
[   19.749522] NET: Registered protocol family 10
[   19.796779] NET: Registered protocol family 17
[   19.864503] Key type dns_resolver registered
[   19.880778] registered taskstats version 1
[   19.941990] Loading compiled-in X.509 certificates
[   19.993335] Loaded X.509 cert 'Build time autogenerated kernel key: f854e06633b5f496ced5b2e02c7b14f761b69302'
[   20.063157] zswap: loaded using pool lzo/zbud
[   20.103206] Key type trusted registered
[   20.160321] Key type encrypted registered
[   20.223309] AppArmor: AppArmor sha1 policy hashing enabled
[   20.304681] ima: No TPM chip found, activating TPM-bypass!
[   20.362170] evm: HMAC attrs: 0x1
[   20.414286]   Magic number: 14:289:765
[   20.443864] rtc_cmos rtc_cmos: setting system clock to 2018-04-10 03:45:31 UTC (1523331931)
[   20.55349BI E fily 0.6 04un250 vis fond
[   21.206747] EDD informion otvaab.
 [   21.455455] Freeing unused kernel memory: 1508K
[   22.506016] Write protecting the kernel read-only data: 14336k
[   22.515025] Freeing unused kernel memory: 1696K
[   22.528213] Freeing unused kernel memory: 100K
Loading, please wait...
starting version[   22.551384] random: systemd-udevd: uninitialized urandom read (16 bytes read, 9 bits of entropy available)
 229
[   22.551697] random: udevadm: uninitialized urandom read (16 bytes read, 9 bits of entropy available)
[   22.551716] random: udevadm: uninitialized urandom read (16 bytes read, 9 bits of entropy available)
[   22.558965] random: udevadm: uninitialized urandom read (16 bytes read, 9 bits of entropy available)
[   22.559005] random: udevadm: uninitialized urandom read (16 bytes read, 9 bits of entropy available)
[   22.559123] random: udevadm: uninitialized urandom read (16 bytes read, 9 bits of entropy available)
[   22.559170] random: udevadm: uninitialized urandom read (16 bytes read, 9 bits of entropy available)
[   22.559213] random: udevadm: uninitialized urandom read (16 bytes read, 9 bits of entropy available)
[   22.559257] random: udevadm: uninitialized urandom read (16 bytes read, 9 bits of entropy available)
[   22.559299] random: udevadm: uninitialized urandom read (16 bytes read, 9 bits of entropy available)
[   22.894205] e1000: Intel(R) PRO/1000 Network Driver - version 7.3.21-k8-NAPI
[   22.923672] e1000: Copyright (c) 1999-2006 Intel Corporation.
[   22.931412] Fusion MPT base driver 3.04.20
[   22.939483] Copyright (c) 1999-2008 LSI Corporation
[   22.950578] Fusion MPT SPI Host driver 3.04.20
[   22.963183] AVX2 version of gcm_enc/dec engaged.
[   22.965718] AES CTR mode by8 optimization enabled
[   23.172563] input: ImExPS/2 Generic Explorer Mouse as /devices/platform/i8042/serio1/input/input4
[   23.325493] e1000 0000:00:03.0 eth0: (PCI:33MHz:32-bit) 02:d9:fe:34:b4:72
[   23.381047] e1000 0000:00:03.0 eth0: Intel(R) PRO/1000 Network Connection
[   24.301667] e1000 0000:00:08.0 eth1: (PCI:33MHz:32-bit) 08:00:27:cf:40:76
[   24.309895] e1000 0000:00:08.0 eth1: Intel(R) PRO/1000 Network Connection
[   24.349517] e1000 0000:00:08.0 enp0s8: renamed from eth1
[   24.355228] mptbase: ioc0: Initiating bringup
[   24.444204] e1000 0000:00:03.0 enp0s3: renamed from eth0
[   24.500573] ioc0: LSI53C1030 A0: Capabilities={Initiator}
[   24.734867] scsi host2: ioc0: LSI53C1030 A0, FwRev=00000000h, Ports=1, MaxQ=256, IRQ=20
[   24.885005] scsi 2:0:0:0: Direct-Access     VBOX     HARDDISK         1.0  PQ: 0 ANSI: 5
[   24.906483] scsi target2:0:0: Beginning Domain Validation
[   24.927574] scsi target2:0:0: Domain Validation skipping write tests
[   24.951924] scsi target2:0:0: Ending Domain Validation
[   24.953203] scsi target2:0:0: asynchronous
[   24.992782] scsi 2:0:1:0: Direct-Access     VBOX     HARDDISK         1.0  PQ: 0 ANSI: 5
[   25.018254] scsi target2:0:1: Beginning Domain Validation
[   25.032461] scsi target2:0:1: Domain Validation skipping write tests
[   25.063496] scsi target2:0:1: Ending Domain Validation
[   25.149343] scsi target2:0:1: asynchronous
[   25.218064] sd 2:0:0:0: Attached scsi generic sg0 type 0
[   25.218337] sd 2:0:0:0: [sda] 20971520 512-byte logical blocks: (10.7 GB/10.0 GiB)
[   25.218484] sd 2:0:0:0: [sda] Write Protect is off
[   25.218575] sd 2:0:0:0: [sda] Incomplete mode parameter data
[   25.218576] sd 2:0:0:0: [sda] Assuming drive cache: write through
[   25.276143]  sda: sda1
[   25.276901] sd 2:0:0:0: [sda] Attached SCSI disk
[   25.379350] sd 2:0:1:0: Attached scsi generic sg1 type 0
[   25.379562] sd 2:0:1:0: [sdb] 20480 512-byte logical blocks: (10.5 MB/10.0 MiB)
[   25.379811] sd 2:0:1:0: [sdb] Write Protect is off
[   25.379948] sd 2:0:1:0: [sdb] Incomplete mode parameter data
[   25.379964] sd 2:0:1:0: [sdb] Assuming drive cache: write through
[   25.382438] sd 2:0:1:0: [sdb] Attached SCSI disk
[   25.937588] floppy0: no floppy controllers found
Begin: Loading e[   28.531724] md: linear personality registered for level -1
ssential drivers ... [   28.548966] md: multipath personality registered for level -4
[   28.556799] md: raid0 personality registered for level 0
[   28.620211] md: raid1 personality registered for level 1
[   28.696096] raid6: sse2x1   gen()  9393 MB/s
[   28.828540] raid6: sse2x1   xor()  7110 MB/s
[   28.932225] raid6: sse2x2   gen() 11406 MB/s
[   29.028227] raid6: sse2x2   xor()  7750 MB/s
[   29.156259] raid6: sse2x4   gen() 12978 MB/s
[   29.244287] raid6: sse2x4   xor()  9187 MB/s
[   29.360094] raid6: avx2x1   gen() 17849 MB/s
[   29.464567] raid6: avx2x2   gen() 16012 MB/s
[   29.552135] raid6: avx2x4   gen() 11590 MB/s
[   29.557117] raid6: using algorithm avx2x1 gen() 17849 MB/s
[   29.561902] raid6: using avx2x2 recovery algorithm
[   29.569372] xor: automatically using best checksumming function:
[   29.664139]    avx       : 21727.000 MB/sec
[   29.730844] async_tx: api initialized (async)
[   29.779245] md: raid6 personality registered for level 6
[   29.844072] md: raid5 personality registered for level 5
[   29.854653] md: raid4 personality registered for level 4
[   29.924153] md: raid10 personality registered for level 10
done.
Begin: Running /scripts/init-premount ... done.
Begin: Mounting root fil[   30.020208] Btrfs loaded
e system ... Begin: Running /scripts/local-top ... done.
Begin: Running /scripts/local-premount[   30.089898] EXT4-fs (sda1): mounted filesystem with ordered data mode. Opts: (null)
 ... Scanning for Btrfs filesystems
done.
Warning: fsck not present, so skipping root file system
done.
Begin: Running /scripts/local-bottom ... done.
Begin: Running /scripts/init-bottom ... done.
[   30.268357] systemd[1]: systemd 229 running in system mode. (+PAM +AUDIT +SELINUX +IMA +APPARMOR +SMACK +SYSVINIT +UTMP +LIBCRYPTSETUP +GCRYPT +GNUTLS +ACL +XZ -LZ4 +SECCOMP +BLKID +ELFUTILS +KMOD -IDN)
[   30.409305] systemd[1]: Detected virtualization oracle.
[   30.496555] systemd[1]: Detected architecture x86-64.

Welcome to [1mUbuntu 16.04.4 LTS[0m!

[   30.613275] systemd[1]: Set ostname to server2>.
[   30.871333] systemd[1]: Started Forward Password Requests to Wall Directory Watch.
[[0;32m  OK  [0m] Started Forward Password Requests to Wall Directory Watch.
[ 30921] systemd[1]: Listening on Jorn Socket.

[[0;32m  OK  [0m] Listening on Journal Socket.
[   31.121451] systemd[1]: Listening on Journal Socket (/dev/log).
[[0;32m  OK  [0m] Listening on Journal Socket (/dev/log).
[   31.128734] systemd[1]: Started Trigger resolvconf update for networkd DNS.
[[0;32m  OK  [0m] Started Trigger resolvconf update for networkd DNS.
[   31.1958] sysem[1: stinonde/inictCoatiility amd ip.
[[0;32m  OK  [0m] Listening on /dev/initctl Compatibility Named Pipe.
[ 31367]ysted[1]: LiseningonudevKeeloct.
[[0;32m  OK  [0m] Listening on udev Kernel Socket.
[   2.7333syemd[1]: Listening on Device-mapper event daemon FIFOs.
[[0;32m  OK  [0m] Listening on Device-mapper event daemon FIFOs.
[  3.864424] systemd[]:Rehetaetysm ime Synchronized.
[   33.279039] random: nonblocking pool is initialized
[[0;32m  OK  [0m] Reached target System Time Synchronized.
[  33085syem1]: Litein oSyog Socket.

[[0;32m  OK  [0m] Listening on Syslog Socket.
[  38621sytem[1]: Created slce stm Slice.

[[0;32m  OK  [0m] Created slice System Slice.
[   34.256723] systemd[1]: Starting Nameserver information manager...
         Starting Nameserver information manager...
[   34.271551] systemd[1]: Starting Remount Root and Kernel File Systems...
         Starting Remount Root and Kernel[   34.287496] EXT4-fs (sda1): re-mounted. Opts: (null)
 File Systems...
[   34.365327] systemd[1]: Created slice system-serial\x2dgetty.slice.
[[0;32m  OK  [0m] Created slice system-serial\x2dgetty.slice.
[   34.428543] systemd[1]: Starting Load Kernel Modules...
[   34.445163] Loading iSCSI transport class v2.0-870.
         Starting Load Kernel Modules...
[   34.453016] systemd[1]: Mounting Huge Pages File System...
[   34.465854] iscsi: registered transport (tcp)
         Mounting Huge Pages File System...
[   34.469682] systemd[1]: Mounting POSIX Message Queue File System...
         Mounting POSIX M[   34.510956] iscsi: registered transport (iser)
essage Queue File System...
[   34.520337] systemd[1]: Reached target User and Group Name Lookups.
[[0;32m  OK  [0m] Reached target User and Group Name Lookups.
[   34.596553] systemd[1]: Starting Uncomplicated firewall...
         Starting Uncomplicated firewall...
[   34.620690] systemd[1]: Reached target Swap.
[[0;32m  OK  [0m] Reached target Swap.
[ 3465489] systemd[1]: Listening on LVM2 oldamosoet

[[0;32m  OK  [0m] Listening on LVM2 poll daemon socket.
[ 350835] ystemd[1]: Reached target Encrypted Volumes.
[[0;32m  OK  [0m] Reached target Encrypted Volumes.
[   35.276555] systemd[1]: Listening on udev Control Socket.
[[0;32m  OK  [0m] Listening on udev Control Socket.
[   35.336472] systemd[1]: Created slice User and Session Slice.
[[0;32m  OK  [0m] Created slice User and Session Slice.
[   35.383724 systemd[1]: Rehe target Slices.

[[0;32m  OK  [0m] Reached target Slices.
[   35.562009] systemd[1]: Set up automount Arbitrary Executable File Formats File System Automount Point.
[[0;32m  OK  [0m] Set up automount Arbitrary Executab...ats File System Automount Point.
[   35.688403] systemd[1]: Starting Create list of required static device nodes for the current kernel...
         Starting Create list of required st... nodes for the current kernel...
[   35.788259] systemd[1]: Mounting Debug File System...
         Mounting Debug File System...
[   35.880544] systemd[1]: Starting Set console keymap...
         Starting Set console keymap...
[   35.984668] systemd[1]: Listening on Journal Audit Socket.
[[0;32m  OK  [0m] Listening on Journal Audit Socket.
[   36.068418] systemd[1]: Starting Journal Service...
         Starting Journal Service...
[   6.16894]systmd1]: Listening onLVM2 metadata daemon socket.

[[0;32m  OK  [0m] Listening on LVM2 metadata daemon socket.
[   36.420901] systemd[1]: Starting Monitoring of LVM2 mirrors, snapshots etc. using dmeventd or progress polling...
         Starting Monitoring of LVM2 mirrors... dmeventd or progress polling...
[   36.445749] systemd[1]: Mounted POSIX Message Queue File System.
[[0;32m  OK  [0m] Mounted POSIX Message Queue File System.
[   36.528527] systemd[1]: Mounted Debug File System.
[[0;32m  OK  [0m] Mounted Debug File System.
[   36.644394] systemd[1]: Mounted Huge Pages File System.
[[0;32m  OK  [0m] Mounted Huge Pages File System.
[   36.694709] systemd[1]: Started Journal Service.
[[0;32m  OK  [0m] Started Journal Service.
[[0;32m  OK  [0m] Started Remount Root and Kernel File Systems.
[[0;32m  OK  [0m] Started Load Kernel Modules.
[[0;32m  OK  [0m] Started Uncomplicated firewall.
[[0;32m  OK  [0m] Started Create list of required sta...ce nodes for the current kernel.
[[0;32m  OK  [0m] Started Set console keymap.
[[0;32m  OK  [0m] Started Nameserver information manager.
[[0;32m  OK  [0m] Started LVM2 metadata daemon.
         Starting Create Static Device Nodes in /dev...
         Starting Apply Kernel Variables...
         Mounting FUSE Control File System...
         Starting Initial cloud-init job (pre-networking)...
         Starting Load/Save Random Seed...
         Starting udev Coldplug all Devices...
         Starting Flush Journal to Persistent Storage...
[[0;32m  OK  [0m] Mounted FUSE Control File System.
[[0;32m  OK  [0m] Started Create Static Device Nodes in /dev.
[[0;32m  OK  [0m] Started Apply Kernel Variables.
[[0;32m  OK  [0m] Started Load/Save Random Seed.
[[0;32m  OK  [0m] Started udev Coldplug all Devices.
[[0;32m  OK  [0m] Started Monitoring of LVM2 mirrors,...ng dmeventd or progress polling.
[[0;32m  OK  [0m] Started Flush Journal to Persistent Storage.
         Starting udev Kernel Device Manager...
[[0;32m  OK  [0m] Started udev Kernel Device Manager.
[[0;32m  OK  [0m] Started Dispatch Password Requests to Console Directory Watch.
[[0;32m  OK  [0m] Reached target Local File Systems (Pre).
[[0;32m  OK  [0m] Reached target Local File Systems.
         Starting LSB: AppArmor initialization...
         Starting Set console font and keymap...
         Starting Create Volatile Files and Directories...
         Starting Tell Plymouth To Write Out Runtime Data...
[[0;32m  OK  [0m] Started Create Volatile Files and Directories.
[[0;32m  OK  [0m] Started Tell Plymouth To Write Out Runtime Data.
[[0;32m  OK  [0m] Found device /dev/ttyS0.
[[0;32m  OK  [0m] Started LSB: AppArmor initialization.
[[0;32m  OK  [0m] Listening on Load/Save RF Kill Switch Status /dev/rfkill Watch.
[   24.343244] cloud-init[453]: Cloud-init v. 17.2 running 'init-local' at Tue, 10 Apr 2018 03:45:49 +0000. Up 23.82 seconds.
         Starting Update UTMP about System Boot/Shutdown...
[[0;32m  OK  [0m] Started Set console font and keymap.
[[0;32m  OK  [0m] Started Initial cloud-init job (pre-networking).
[[0;32m  OK  [0m] Found device 82540EM Gigabit Ethern...r (PRO/1000 MT Desktop Adapter).
[[0;32m  OK  [0m] Started Update UTMP about System Boot/Shutdown.
[[0;32m  OK  [0m] Reached target Network (Pre).
         Starting Raise network interfaces...
[[0;32m  OK  [0m] Started ifup for enp0s8.
[[0;32m  OK  [0m] Started ifup for enp0s3.
[[0;32m  OK  [0m] Created slice system-getty.slice.
[[0;32m  OK  [0m] Started Raise network interfaces.
[[0;32m  OK  [0m] Reached target Network.
         Starting Initial cloud-init job (metadata service crawler)...
[   27.539899] cloud-init[1048]: Cloud-init v. 17.2 running 'init' at Tue, 10 Apr 2018 03:45:52 +0000. Up 27.25 seconds.
[   27.558207] cloud-init[1048]: ci-info: ++++++++++++++++++++++++++++++++++++++Net device info++++++++++++++++++++++++++++++++++++++
[   27.572407] cloud-init[1048]: ci-info: +--------+------+-----------------------------+---------------+-------+-------------------+
[   27.665056] cloud-init[1048]: ci-info: | Device |  Up  |           Address           |      Mask     | Scope |     Hw-Address    |
[[0;32m  OK  [0m] Started Initial cloud-init job (metadata service crawler).
[   27.665809] cloud-init[1048]: ci-info: +--------+------+-----------------------------+---------------+-------+-------------------+
[   27.820533] cloud-init[1048]: ci-info: | enp0s3 | True |          10.0.2.15          | 255.255.255.0 |   .   | 02:d9:fe:34:b4:72 |
[   27.821022] cloud-init[1048]: ci-info: | enp0s3 | True |  fe80::d9:feff:fe34:b472/64 |       .       |  link | 02:d9:fe:34:b4:72 |
[[0;32m  OK  [0m] Reached target System Initialization.
[   27.821394] cloud-init[1048]: ci-info: | enp0s8 | True |        172.16.200.102       | 255.255.255.0 |   .   | 08:00:27:cf:40:76 |
[   28.019406] cloud-init[1048]: ci-info: | enp0s8 | True | fe80::a00:27ff:fecf:4076/64 |       .       |  link | 08:00:27:cf:40:76 |
[[0;32m  OK  [0m] Listening on D-Bus System Message Bus Socket.
[   28.019582] cloud-init[1048]: ci-info: |   lo   | True |          127.0.0.1          |   255.0.0.0   |   .   |         .         |
[   28.137236] cloud-init[1048]: ci-info: |   lo   | True |           ::1/128           |       .       |  host |         .         |
[[0;32m  OK  [0m] Listening on ACPID Listen Socket.
[   28.137369] cloud-init[1048]: ci-info: +--------+------+-----------------------------+---------------+-------+-------------------+
[   28.365121] cloud-init[1048]: ci-info: ++++++++++++++++++++++++++++Route IPv4 info++++++++++++++++++++++++++++
[[0;32m  OK  [0m] Listening on UUID daemon activation socket.
[   28.365367] cloud-init[1048]: ci-info: +-------+--------------+----------+---------------+-----------+-------+
[   28.568452] cloud-init[1048]: ci-info: | Route | Destination  | Gateway  |    Genmask    | Interface | Flags |
[   28.568907] cloud-init[1048]: ci-info: +-------+--------------+----------+---------------+-----------+-------+
[[0;32m  OK  [0m] Started ACPI Events Check.
[[   28.569183] cloud-init[1048]: ci-info: |   0   |   0.0.0.0    | 10.0.2.2 |    0.0.0.0    |   enp0s3  |   UG  |
[   28.761305] cloud-init[1048]: ci-info: |   1   |   10.0.2.0   | 0.0.0.0  | 255.255.255.0 |   enp0s3  |   U   |
[0;32m  OK  [0m] Reached target Paths.
[   28.761524] cloud-init[1048]: ci-info: |   2   | 172.16.200.0 | 0.0.0.0  | 255.255.255.0 |   enp0s8  |   U   |
[   29.012476] cloud-init[1048]: ci-info: +-------+--------------+----------+---------------+-----------+-------+
[[0;32m  OK  [0m] Started Daily apt download activities.
         Starting Socket activation for snappy daemon.
[[0;32m  OK  [0m] Started Timer to automatically refresh installed snaps.
[[0;32m  OK  [0m] Started Daily apt upgrade and clean activities.
[[0;32m  OK  [0m] Started Daily Cleanup of Temporary Directories.
[[0;32m  OK  [0m] Reached target Timers.
         Starting LXD - unix socket.
[[0;32m  OK  [0m] Reached target Network is Online.
         Starting iSCSI initiator daemon (iscsid)...
[[0;32m  OK  [0m] Reached target Cloud-config availability.
[[0;32m  OK  [0m] Listening on Socket activation for snappy daemon.
[[0;32m  OK  [0m] Listening on LXD - unix socket.
[[0;32m  OK  [0m] Started iSCSI initiator daemon (iscsid).
         Starting Login to default iSCSI targets...
[[0;32m  OK  [0m] Reached target Sockets.
[[0;32m  OK  [0m] Reached target Basic System.
[[0;32m  OK  [0m] Started Unattended Upgrades Shutdown.
[[0;32m  OK  [0m] Started ACPI event daemon.
[[0;32m  OK  [0m] Started FUSE filesystem for LXC.
[[0;32m  OK  [0m] Started D-Bus System Message Bus.
         Starting LSB: MD monitoring daemon...
         Starting LSB: Record successful boot for GRUB...
         Starting System Logging Service...
         Starting Accounts Service...
         Starting Snappy daemon...
         Starting /etc/rc.local Compatibility...
         Starting Login Service...
         Starting LXD - container startup/shutdown...
         Starting vboxadd.service...
[[0;32m  OK  [0m] Started Deferred execution scheduler.
[[0;32m  OK  [0m] Started Regular background program processing daemon.
         Starting OpenBSD Secure Shell server...
         Starting Apply the settings specified in cloud-config...
[[0;32m  OK  [0m] Started System Logging Service.
[[0;32m  OK  [0m] Started Snappy daemon.
[[0;32m  OK  [0m] Started OpenBSD Secure Shell server.
[[0;32m  OK  [0m] Started /etc/rc.local Compatibility.
[[0;32m  OK  [0m] Started LXD - container startup/shutdown.
[[0;32m  OK  [0m] Started vboxadd.service.
[[0;32m  OK  [0m] Started Login to default iSCSI targets.
[[0;32m  OK  [0m] Started LSB: MD monitoring daemon.
[[0;32m  OK  [0m] Started LSB: Record successful boot for GRUB.
[[0;32m  OK  [0m] Started Login Service.
         Starting Authenticate and Authorize Users to Run Privileged Tasks...
[[0;32m  OK  [0m] Reached target Remote File Systems (Pre).
[[0;32m  OK  [0m] Reached target Remote File Systems.
         Starting LSB: daemon to balance interrupts for SMP systems...
         Starting Permit User Sessions...
         Starting LSB: automatic crash report generation...
         Starting LSB: Set the CPU Frequency Scaling governor to "ondemand"...
         Starting vboxadd-service.service...
[[0;32m  OK  [0m] Started Permit User Sessions.
[[0;1;31mFAILED[0m] Failed to start vboxadd-service.service.
See 'systemctl status vboxadd-service.service' for details.
[[0;32m  OK  [0m] Started Authenticate and Authorize Users to Run Privileged Tasks.
[[0;32m  OK  [0m] Started Accounts Service.
         [   31.037367] Starting Terminate Plymouth Boot Screen...cloud-init
[1168]: Cloud-init v. 17.2 running 'modules:config' at Tue, 10 Apr 2018 03:45:56 +0000. Up 30.81 seconds.
         Starting Hold until boot process finishes up...
[[0;32m  OK  [0m] Started Apply the settings specified in cloud-config.
[[0;32m  OK  [0m] Started LSB: daemon to balance interrupts for SMP systems.
[[0;32m  OK  [0m] Started LSB: automatic crash report generation.
[[0;32m  OK  [0m] Started Terminate Plymouth Boot Screen.
[[0;32m  OK  [0m] Started Hold until boot process finishes up.
[[0;32m  OK  [0m] Started LSB: Set the CPU Frequency Scaling governor to "ondemand".
[[0;32m  OK  [0m] Created slice User Slice of vagrant.
         Starting User Manager for UID 1000...
[[0;32m  OK  [0m] Started Session 1 of user vagrant.
[[0;32m  OK  [0m] Started Serial Getty on ttyS0.
[[0;32m  OK  [0m] Started Getty on tty1.
[[0;32m  OK  [0m] Reached target Login Prompts.
         Starting Set console scheme...
[[0;32m  OK  [0m] Reached target Multi-User System.
[[0;32m  OK  [0m] Reached target Graphical Interface.
         Starting Update UTMP about System Runlevel Changes...
         Starting Execute cloud user/final scripts...
[[0;32m  OK  [0m] Started User Manager for UID 1000.
[[0;32m  OK  [0m] Started Set console scheme.
[[0;32m  OK  [0m] Started Update UTMP about System Runlevel Changes.
[   31.976433] cloud-init[1294]: Cloud-init v. 17.2 running 'modules:final' at Tue, 10 Apr 2018 03:45:57 +0000. Up 31.85 seconds.
[   32.084640] cloud-init[1294]: Cloud-init v. 17.2 finished at Tue, 10 Apr 2018 03:45:57 +0000. Datasource DataSourceNoCloud [seed=/dev/sdb][dsmode=net].  Up 31.97 seconds
[[0;32m  OK  [0m] Started Execute cloud user/final scripts.
[[0;32m  OK  [0m] Reached target Cloud-init target.

Ubuntu 16.04.4 LTS server2 ttyS0

server2 login: 